#-----------------------------------------------------------
# Vivado v2019.1 (64-bit)
# SW Build 2552052 on Fri May 24 14:49:42 MDT 2019
# IP Build 2548770 on Fri May 24 18:01:18 MDT 2019
# Start of session at: Fri Jun 12 16:21:51 2020
# Process ID: 10420
# Current directory: E:/vivado/lab5_pipeline
# Command line: vivado.exe -gui_launcher_event rodinguilauncherevent864 E:\vivado\lab5_pipeline\lab5_pipeline.xpr
# Log file: E:/vivado/lab5_pipeline/vivado.log
# Journal file: E:/vivado/lab5_pipeline\vivado.jou
#-----------------------------------------------------------
start_gui
open_project E:/vivado/lab5_pipeline/lab5_pipeline.xpr
file mkdir E:/vivado/lab5_pipeline/lab5_pipeline.srcs/sources_1/new
close [ open E:/vivado/lab5_pipeline/lab5_pipeline.srcs/sources_1/new/pipeline.v w ]
add_files E:/vivado/lab5_pipeline/lab5_pipeline.srcs/sources_1/new/pipeline.v
close [ open E:/vivado/lab5_pipeline/lab5_pipeline.srcs/sources_1/new/ALU.v w ]
add_files E:/vivado/lab5_pipeline/lab5_pipeline.srcs/sources_1/new/ALU.v
close [ open E:/vivado/lab5_pipeline/lab5_pipeline.srcs/sources_1/new/Control_Unit.v w ]
add_files E:/vivado/lab5_pipeline/lab5_pipeline.srcs/sources_1/new/Control_Unit.v
close [ open E:/vivado/lab5_pipeline/lab5_pipeline.srcs/sources_1/new/RegFile.v w ]
add_files E:/vivado/lab5_pipeline/lab5_pipeline.srcs/sources_1/new/RegFile.v
update_compile_order -fileset sources_1
update_compile_order -fileset sources_1
close [ open E:/vivado/lab5_pipeline/lab5_pipeline.srcs/sources_1/new/InsCut.v w ]
add_files E:/vivado/lab5_pipeline/lab5_pipeline.srcs/sources_1/new/InsCut.v
update_compile_order -fileset sources_1
close [ open E:/vivado/lab5_pipeline/lab5_pipeline.srcs/sources_1/new/DFF.v w ]
add_files E:/vivado/lab5_pipeline/lab5_pipeline.srcs/sources_1/new/DFF.v
update_compile_order -fileset sources_1
create_ip -name dist_mem_gen -vendor xilinx.com -library ip -version 8.0 -module_name InsMem -dir e:/vivado/lab5_pipeline/lab5_pipeline.srcs/sources_1/ip
set_property -dict [list CONFIG.depth {256} CONFIG.data_width {32} CONFIG.Component_Name {InsMem} CONFIG.memory_type {rom}] [get_ips InsMem]
generate_target {instantiation_template} [get_files e:/vivado/lab5_pipeline/lab5_pipeline.srcs/sources_1/ip/InsMem/InsMem.xci]
generate_target all [get_files  e:/vivado/lab5_pipeline/lab5_pipeline.srcs/sources_1/ip/InsMem/InsMem.xci]
catch { config_ip_cache -export [get_ips -all InsMem] }
export_ip_user_files -of_objects [get_files e:/vivado/lab5_pipeline/lab5_pipeline.srcs/sources_1/ip/InsMem/InsMem.xci] -no_script -sync -force -quiet
create_ip_run [get_files -of_objects [get_fileset sources_1] e:/vivado/lab5_pipeline/lab5_pipeline.srcs/sources_1/ip/InsMem/InsMem.xci]
launch_runs -jobs 4 InsMem_synth_1
export_simulation -of_objects [get_files e:/vivado/lab5_pipeline/lab5_pipeline.srcs/sources_1/ip/InsMem/InsMem.xci] -directory E:/vivado/lab5_pipeline/lab5_pipeline.ip_user_files/sim_scripts -ip_user_files_dir E:/vivado/lab5_pipeline/lab5_pipeline.ip_user_files -ipstatic_source_dir E:/vivado/lab5_pipeline/lab5_pipeline.ip_user_files/ipstatic -lib_map_path [list {modelsim=E:/vivado/lab5_pipeline/lab5_pipeline.cache/compile_simlib/modelsim} {questa=E:/vivado/lab5_pipeline/lab5_pipeline.cache/compile_simlib/questa} {riviera=E:/vivado/lab5_pipeline/lab5_pipeline.cache/compile_simlib/riviera} {activehdl=E:/vivado/lab5_pipeline/lab5_pipeline.cache/compile_simlib/activehdl}] -use_ip_compiled_libs -force -quiet
create_ip -name dist_mem_gen -vendor xilinx.com -library ip -version 8.0 -module_name DataMem -dir e:/vivado/lab5_pipeline/lab5_pipeline.srcs/sources_1/ip
set_property -dict [list CONFIG.depth {256} CONFIG.data_width {32} CONFIG.Component_Name {DataMem}] [get_ips DataMem]
generate_target {instantiation_template} [get_files e:/vivado/lab5_pipeline/lab5_pipeline.srcs/sources_1/ip/DataMem/DataMem.xci]
generate_target all [get_files  e:/vivado/lab5_pipeline/lab5_pipeline.srcs/sources_1/ip/DataMem/DataMem.xci]
catch { config_ip_cache -export [get_ips -all DataMem] }
export_ip_user_files -of_objects [get_files e:/vivado/lab5_pipeline/lab5_pipeline.srcs/sources_1/ip/DataMem/DataMem.xci] -no_script -sync -force -quiet
create_ip_run [get_files -of_objects [get_fileset sources_1] e:/vivado/lab5_pipeline/lab5_pipeline.srcs/sources_1/ip/DataMem/DataMem.xci]
launch_runs -jobs 4 DataMem_synth_1
export_simulation -of_objects [get_files e:/vivado/lab5_pipeline/lab5_pipeline.srcs/sources_1/ip/DataMem/DataMem.xci] -directory E:/vivado/lab5_pipeline/lab5_pipeline.ip_user_files/sim_scripts -ip_user_files_dir E:/vivado/lab5_pipeline/lab5_pipeline.ip_user_files -ipstatic_source_dir E:/vivado/lab5_pipeline/lab5_pipeline.ip_user_files/ipstatic -lib_map_path [list {modelsim=E:/vivado/lab5_pipeline/lab5_pipeline.cache/compile_simlib/modelsim} {questa=E:/vivado/lab5_pipeline/lab5_pipeline.cache/compile_simlib/questa} {riviera=E:/vivado/lab5_pipeline/lab5_pipeline.cache/compile_simlib/riviera} {activehdl=E:/vivado/lab5_pipeline/lab5_pipeline.cache/compile_simlib/activehdl}] -use_ip_compiled_libs -force -quiet
close [ open E:/vivado/lab5_pipeline/lab5_pipeline.srcs/sources_1/new/WB.v w ]
add_files E:/vivado/lab5_pipeline/lab5_pipeline.srcs/sources_1/new/WB.v
close [ open E:/vivado/lab5_pipeline/lab5_pipeline.srcs/sources_1/new/MEM.v w ]
add_files E:/vivado/lab5_pipeline/lab5_pipeline.srcs/sources_1/new/MEM.v
close [ open E:/vivado/lab5_pipeline/lab5_pipeline.srcs/sources_1/new/EXE.v w ]
add_files E:/vivado/lab5_pipeline/lab5_pipeline.srcs/sources_1/new/EXE.v
close [ open E:/vivado/lab5_pipeline/lab5_pipeline.srcs/sources_1/new/ID.v w ]
add_files E:/vivado/lab5_pipeline/lab5_pipeline.srcs/sources_1/new/ID.v
close [ open E:/vivado/lab5_pipeline/lab5_pipeline.srcs/sources_1/new/IF.v w ]
add_files E:/vivado/lab5_pipeline/lab5_pipeline.srcs/sources_1/new/IF.v
update_compile_order -fileset sources_1
